// Jest Snapshot v1, https://goo.gl/fbAQLP

exports[`Tests to AboutScreen Debe  hacer match 1`] = `
<div>
  <h1>
    AboutScreen
  </h1>
  <hr />
  <pre>
    {
   "id": 1,
   "name": "Raul Camacho"
}
  </pre>
  <h2>
    Raul Camacho
  </h2>
  <button
    className="btn btn-warning"
    onClick={[Function]}
  >
    delete data
  </button>
</div>
`;
